time,dt,dSdt,dUdt,dTdt,Fs_vertical_av,L2FsVertDiffusion,L2FsVertFluid,L2FsVertFrame,L1FsVertDiffusion,L1FsVertFluid,L1FsVertFrame,L0FsVertDiffusion,L0FsVertFluid,L0FsVertFrame,Fs_top,Fs_bottom,Fs_abs_mismatch,Fh_abs_mismatch,Fh_bottom,Fh_top,horizontallyAveragedSalinity_0,horizontallyAveragedSalinity_20,horizontallyAveragedSalinity_40,horizontallyAveragedSalinity_60,averageLiquidSalinity,mushyLayerDepth,mushAvBulkConc,mushAvPorosity,mushVol,Fs_vert_10pc,Fs_vert_20pc,Fs_vert_30pc,Fs_vert_40pc,Fs_vert_50pc
0.02073459774,5.051939267e-05,27.88684713,4290.671035,8.295477275,-0.002649555587,0.006411946214,27.83977835,0,0.002442764372,14.18040261,0,0.0208957237,117.4021115,0,0,-8.141248367e-06,2.70060157e-06,-0.0007858785617,1.06980498e-05,0,-1,-1,-0.9999999557,-0.9995219766,-0.9909150638,0.28125,-1.018415776,0.8375288538,0.3046875,-8.141248373e-06,-8.141248375e-06,-8.141248376e-06,-8.245554129e-06,0.00045495681
