time,dt,dSdt,dUdt,dTdt,Fs_vertical_av,L2FsVertDiffusion,L2FsVertFluid,L2FsVertFrame,L1FsVertDiffusion,L1FsVertFluid,L1FsVertFrame,L0FsVertDiffusion,L0FsVertFluid,L0FsVertFrame,Fs_top,Fs_bottom,Fs_abs_mismatch,Fh_abs_mismatch,Fh_bottom,Fh_top,horizontallyAveragedSalinity_0,horizontallyAveragedSalinity_20,horizontallyAveragedSalinity_40,horizontallyAveragedSalinity_60,averageLiquidSalinity,mushyLayerDepth,mushAvBulkConc,mushAvPorosity,mushVol,Fs_vert_10pc,Fs_vert_20pc,Fs_vert_30pc,Fs_vert_40pc,Fs_vert_50pc
0.01,0.0001,39.86911485,3849.379091,6.384781465,1.013733889,0.01124493718,60.03611101,0,0.004348426397,38.33143648,0,0.0794507868,204.9888819,0,0,0,5.745379468e-06,-0.001900072095,0,0,-1.000012012,-1.000119277,-1.000859208,-0.9816312148,-0.9823847515,0.125,-1.137748206,0.7016883449,0.109375,-0.002448453048,-0.07815933962,-0.07167237875,0.1231810931,-2.522362961
