time,dt,dSdt,dUdt,dTdt,Fs_vertical_av,L2FsVertDiffusion,L2FsVertFluid,L2FsVertFrame,L1FsVertDiffusion,L1FsVertFluid,L1FsVertFrame,L0FsVertDiffusion,L0FsVertFluid,L0FsVertFrame,Fs_top,Fs_bottom,Fs_abs_mismatch,Fh_abs_mismatch,Fh_bottom,Fh_top,chimneySpacing,chimneyWidth,horizontallyAveragedSalinity_0,horizontallyAveragedSalinity_20,horizontallyAveragedSalinity_40,horizontallyAveragedSalinity_60,averageLiquidSalinity,mushyLayerDepth,mushAvBulkConc,mushAvPorosity,mushVol,Fs_vert_10pc,Fs_vert_20pc,Fs_vert_30pc,Fs_vert_40pc,Fs_vert_50pc
0.008787371763,0.0001119936349,1.524680892,35.43792256,3.770637755,-0.0167516048,0.004091505966,6.854092099,0,0.001410264719,1.164123554,0,0.01753426721,158.0335437,0,-0.02814715814,-5.106592423e-16,2.936193125e-16,1.371616666e-11,1.106730532e-10,18.83926388,nan,nan,-1,-1,-1,-1,-0.9999085634,0.125,-0.9986752186,0.4615309342,0.125,1.095044194e-15,1.589223544e-15,2.01607394e-15,2.581702213e-15,2.96464242e-15
