time,dt,dSdt,dUdt,dTdt,Fs_vertical_av,L2FsVertDiffusion,L2FsVertFluid,L2FsVertFrame,L1FsVertDiffusion,L1FsVertFluid,L1FsVertFrame,L0FsVertDiffusion,L0FsVertFluid,L0FsVertFrame,Fs_top,Fs_bottom,Fs_abs_mismatch,Fh_abs_mismatch,Fh_bottom,Fh_top,horizontallyAveragedSalinity_0,horizontallyAveragedSalinity_20,horizontallyAveragedSalinity_40,horizontallyAveragedSalinity_60,averageLiquidSalinity,mushyLayerDepth,mushAvBulkConc,mushAvPorosity,mushVol,Fs_vert_10pc,Fs_vert_20pc,Fs_vert_30pc,Fs_vert_40pc,Fs_vert_50pc
0.0102,0.0001,51.60682972,4365.096073,9.159190155,1.043513551,0.01116380198,64.79445333,0,0.004403169427,42.57307033,0,0.08016245274,208.2670894,0,0,0,1.195477523e-05,-0.001860177726,0,0,-1.000009883,-1.000039188,-0.9848262264,-0.9654350568,-0.9818059053,0.125,-1.142303614,0.6978864654,0.109375,-0.008163128894,-0.009565513098,0.04214823226,-3.469388652,-9.385282599
