time,dt,dSdt,dUdt,dTdt,Fs_vertical_av,L2FsVertDiffusion,L2FsVertFluid,L2FsVertFrame,L1FsVertDiffusion,L1FsVertFluid,L1FsVertFrame,L0FsVertDiffusion,L0FsVertFluid,L0FsVertFrame,Fs_top,Fs_bottom,Fs_abs_mismatch,Fh_abs_mismatch,Fh_bottom,Fh_top,horizontallyAveragedSalinity_0,horizontallyAveragedSalinity_20,horizontallyAveragedSalinity_40,horizontallyAveragedSalinity_60,averageLiquidSalinity,mushyLayerDepth,mushAvBulkConc,mushAvPorosity,mushVol,Fs_vert_10pc,Fs_vert_20pc,Fs_vert_30pc,Fs_vert_40pc,Fs_vert_50pc
0.02083568704,5.062048198e-05,34.58209534,6641.850849,9.818469431,-2.184744425,0.00712809552,28.89392378,0,0.00256420965,14.71224188,0,0.08619051067,120.1673723,0,0,-0.000385815589,2.710561324e-06,-0.0008167982608,0.0003921099986,0,-1,-1,-0.999999935,-0.9959155515,-0.9897885996,0.28125,-1.021633681,0.8393287202,0.310546875,-0.000385815589,-0.000385815589,-0.000385815589,-0.0003858352388,-0.04610425906
